[14:13:36.000] Loading: cache hit (disk, 2.500492s) key=85dc68864116
[14:13:36.277] Voxelizing: cache hit (disk, 276.382ms) key=2811be9bf11b
[14:13:36.277] Clipping: starting (cache miss key=a68f98bf9e42)
[14:13:36.277] Dithering: starting (cache miss key=60bf99f69244)
[14:13:36.277] Building palette: starting (cache miss key=af10f7b2c858)
  TD-aware selection (per-sample eff): neighbor path 0.21 mm, κ 0.00
  Selected colors (20475 evaluated) in 0.6s
[14:13:36.981]  #080A0D (Black), #55331A (Brown), #A79E82 (Tan), #616469 (Steel Grey)
[14:13:36.997]   Infill filament: #55331A Brown (TD 0.10)
[14:13:36.997] Building palette: done in 720ms
[14:13:37.024]   dizzy-local-corrected pass 1/7 (γ=0.30): drift ΔE=5.069, stranded=8403, dropMass=214407.9930
[14:13:37.050]   dizzy-local-corrected pass 2/7 (γ=0.30): drift ΔE=4.909, stranded=8403, dropMass=227664.1148
[14:13:37.073]   dizzy-local-corrected pass 3/7 (γ=0.30): drift ΔE=4.853, stranded=8403, dropMass=239566.6333
[14:13:37.097]   dizzy-local-corrected pass 4/7 (γ=0.30): drift ΔE=4.825, stranded=8403, dropMass=253723.6792
[14:13:37.120]   dizzy-local-corrected pass 5/7 (γ=0.30): drift ΔE=4.808, stranded=8403, dropMass=254544.9953
[14:13:37.144]   dizzy-local-corrected pass 6/7 (γ=0.30): drift ΔE=4.817, stranded=8403, dropMass=271664.0860
[14:13:37.144]   Dithered (dlc-d30-p7) 58509 cells in 0.1s
[14:13:37.144]     #55331A: 24278 cells (41.5%)
[14:13:37.144]     #A79E82: 22800 cells (39.0%)
[14:13:37.144]     #080A0D: 6066 cells (10.4%)
[14:13:37.144]     #616469: 5365 cells (9.2%)
[14:13:37.144] Dithering: done in 867ms
[14:13:39.267] Preparing geometry: cache hit (disk, 2.123034s) key=6db255b74f33
[14:13:40.756] Splitting: cache hit (disk, 493µs) key=cd8677ad41c8
[14:13:40.756]   Clip: Manifold per-cell intersect (open-edge bloat=0.005mm)
[14:13:50.779]   Clip: 617498 verts, 502184 faces in 10.0s
[14:13:50.780]   Clip cell→face ring: 1px=776/1805 2-4=186/1261 5-16=268/9752 17-64=48/45680 65+=0/0 (zero-face/total)
[14:13:50.780]   Clip cell→face hex:  1px=0/0 2-4=0/2 5-16=0/6 17-64=0/3 65+=0/0 (zero-face/total)
[14:13:50.780]     zero-face slab 102 Z=[8.21..8.29]mm: 21/152 cells (ring=21 hex=0)
[14:13:50.780]     zero-face slab 127 Z=[10.21..10.29]mm: 14/157 cells (ring=14 hex=0)
[14:13:50.780]     zero-face slab 131 Z=[10.53..10.61]mm: 13/154 cells (ring=13 hex=0)
[14:13:50.780]     zero-face slab 69 Z=[5.57..5.65]mm: 12/95 cells (ring=12 hex=0)
[14:13:50.780]     zero-face slab 189 Z=[15.17..15.25]mm: 11/159 cells (ring=11 hex=0)
[14:13:50.780]     zero-face slab 174 Z=[13.97..14.05]mm: 11/161 cells (ring=11 hex=0)
[14:13:50.780]     zero-face slab 171 Z=[13.73..13.81]mm: 10/163 cells (ring=10 hex=0)
[14:13:50.780]     zero-face slab 184 Z=[14.77..14.85]mm: 10/154 cells (ring=10 hex=0)
[14:13:50.780]     zero-face slab 165 Z=[13.25..13.33]mm: 10/137 cells (ring=10 hex=0)
[14:13:50.780]     zero-face slab 137 Z=[11.01..11.09]mm: 10/123 cells (ring=10 hex=0)
[14:13:50.780] Clipping: done in 14.503s
  TD-aware selection (per-sample eff): neighbor path 0.21 mm, κ 0.00
  Selected colors (4845 evaluated) in 0.2s
palettesearch: 50/4845 candidates (0.35s/cand, ETA 1670s)
palettesearch: 100/4845 candidates (0.32s/cand, ETA 1498s)
palettesearch: 150/4845 candidates (0.31s/cand, ETA 1435s)
palettesearch: 200/4845 candidates (0.30s/cand, ETA 1392s)
palettesearch: 250/4845 candidates (0.30s/cand, ETA 1366s)
palettesearch: 300/4845 candidates (0.30s/cand, ETA 1344s)
palettesearch: 350/4845 candidates (0.30s/cand, ETA 1335s)
palettesearch: 400/4845 candidates (0.30s/cand, ETA 1323s)
palettesearch: 450/4845 candidates (0.30s/cand, ETA 1302s)
palettesearch: 500/4845 candidates (0.30s/cand, ETA 1285s)
palettesearch: 550/4845 candidates (0.30s/cand, ETA 1268s)
palettesearch: 600/4845 candidates (0.29s/cand, ETA 1248s)
palettesearch: 650/4845 candidates (0.29s/cand, ETA 1233s)
palettesearch: 700/4845 candidates (0.29s/cand, ETA 1222s)
palettesearch: 750/4845 candidates (0.29s/cand, ETA 1204s)
palettesearch: 800/4845 candidates (0.29s/cand, ETA 1190s)
palettesearch: 850/4845 candidates (0.29s/cand, ETA 1174s)
palettesearch: 900/4845 candidates (0.29s/cand, ETA 1158s)
palettesearch: 950/4845 candidates (0.29s/cand, ETA 1142s)
palettesearch: 1000/4845 candidates (0.29s/cand, ETA 1130s)
palettesearch: 1050/4845 candidates (0.29s/cand, ETA 1113s)
palettesearch: 1100/4845 candidates (0.29s/cand, ETA 1100s)
palettesearch: 1150/4845 candidates (0.29s/cand, ETA 1084s)
palettesearch: 1200/4845 candidates (0.29s/cand, ETA 1069s)
palettesearch: 1250/4845 candidates (0.29s/cand, ETA 1052s)
palettesearch: 1300/4845 candidates (0.29s/cand, ETA 1040s)
palettesearch: 1350/4845 candidates (0.29s/cand, ETA 1024s)
palettesearch: 1400/4845 candidates (0.29s/cand, ETA 1010s)
palettesearch: 1450/4845 candidates (0.29s/cand, ETA 994s)
palettesearch: 1500/4845 candidates (0.29s/cand, ETA 980s)
palettesearch: 1550/4845 candidates (0.29s/cand, ETA 965s)
palettesearch: 1600/4845 candidates (0.29s/cand, ETA 950s)
palettesearch: 1650/4845 candidates (0.29s/cand, ETA 936s)
palettesearch: 1700/4845 candidates (0.29s/cand, ETA 920s)
palettesearch: 1750/4845 candidates (0.29s/cand, ETA 905s)
palettesearch: 1800/4845 candidates (0.29s/cand, ETA 891s)
palettesearch: 1850/4845 candidates (0.29s/cand, ETA 875s)
palettesearch: 1900/4845 candidates (0.29s/cand, ETA 861s)
palettesearch: 1950/4845 candidates (0.29s/cand, ETA 847s)
palettesearch: 2000/4845 candidates (0.29s/cand, ETA 832s)
palettesearch: 2050/4845 candidates (0.29s/cand, ETA 817s)
palettesearch: 2100/4845 candidates (0.29s/cand, ETA 802s)
palettesearch: 2150/4845 candidates (0.29s/cand, ETA 788s)
palettesearch: 2200/4845 candidates (0.29s/cand, ETA 773s)
palettesearch: 2250/4845 candidates (0.29s/cand, ETA 759s)
palettesearch: 2300/4845 candidates (0.29s/cand, ETA 744s)
palettesearch: 2350/4845 candidates (0.29s/cand, ETA 729s)
palettesearch: 2400/4845 candidates (0.29s/cand, ETA 714s)
palettesearch: 2450/4845 candidates (0.29s/cand, ETA 700s)
palettesearch: 2500/4845 candidates (0.29s/cand, ETA 685s)
palettesearch: 2550/4845 candidates (0.29s/cand, ETA 671s)
palettesearch: 2600/4845 candidates (0.29s/cand, ETA 656s)
palettesearch: 2650/4845 candidates (0.29s/cand, ETA 641s)
palettesearch: 2700/4845 candidates (0.29s/cand, ETA 627s)
palettesearch: 2750/4845 candidates (0.29s/cand, ETA 612s)
palettesearch: 2800/4845 candidates (0.29s/cand, ETA 598s)
palettesearch: 2850/4845 candidates (0.29s/cand, ETA 583s)
palettesearch: 2900/4845 candidates (0.29s/cand, ETA 568s)
palettesearch: 2950/4845 candidates (0.29s/cand, ETA 554s)
palettesearch: 3000/4845 candidates (0.29s/cand, ETA 539s)
palettesearch: 3050/4845 candidates (0.29s/cand, ETA 524s)
palettesearch: 3100/4845 candidates (0.29s/cand, ETA 509s)
palettesearch: 3150/4845 candidates (0.29s/cand, ETA 495s)
palettesearch: 3200/4845 candidates (0.29s/cand, ETA 481s)
palettesearch: 3250/4845 candidates (0.29s/cand, ETA 466s)
palettesearch: 3300/4845 candidates (0.29s/cand, ETA 451s)
palettesearch: 3350/4845 candidates (0.29s/cand, ETA 437s)
palettesearch: 3400/4845 candidates (0.29s/cand, ETA 422s)
palettesearch: 3450/4845 candidates (0.29s/cand, ETA 408s)
palettesearch: 3500/4845 candidates (0.29s/cand, ETA 393s)
palettesearch: 3550/4845 candidates (0.29s/cand, ETA 379s)
palettesearch: 3600/4845 candidates (0.29s/cand, ETA 364s)
palettesearch: 3650/4845 candidates (0.29s/cand, ETA 349s)
palettesearch: 3700/4845 candidates (0.29s/cand, ETA 334s)
palettesearch: 3750/4845 candidates (0.29s/cand, ETA 320s)
palettesearch: 3800/4845 candidates (0.29s/cand, ETA 305s)
palettesearch: 3850/4845 candidates (0.29s/cand, ETA 291s)
palettesearch: 3900/4845 candidates (0.29s/cand, ETA 276s)
palettesearch: 3950/4845 candidates (0.29s/cand, ETA 261s)
palettesearch: 4000/4845 candidates (0.29s/cand, ETA 247s)
palettesearch: 4050/4845 candidates (0.29s/cand, ETA 232s)
palettesearch: 4100/4845 candidates (0.29s/cand, ETA 218s)
palettesearch: 4150/4845 candidates (0.29s/cand, ETA 203s)
palettesearch: 4200/4845 candidates (0.29s/cand, ETA 188s)
palettesearch: 4250/4845 candidates (0.29s/cand, ETA 174s)
palettesearch: 4300/4845 candidates (0.29s/cand, ETA 159s)
palettesearch: 4350/4845 candidates (0.29s/cand, ETA 145s)
palettesearch: 4400/4845 candidates (0.29s/cand, ETA 130s)
palettesearch: 4450/4845 candidates (0.29s/cand, ETA 115s)
palettesearch: 4500/4845 candidates (0.29s/cand, ETA 101s)
palettesearch: 4550/4845 candidates (0.29s/cand, ETA 86s)
palettesearch: 4600/4845 candidates (0.29s/cand, ETA 72s)
palettesearch: 4650/4845 candidates (0.29s/cand, ETA 57s)
palettesearch: 4700/4845 candidates (0.29s/cand, ETA 42s)
palettesearch: 4750/4845 candidates (0.29s/cand, ETA 28s)
palettesearch: 4800/4845 candidates (0.29s/cand, ETA 13s)

Ground-truth palette search: 4845 candidates, 58509 cells, 0.292 s/candidate
Rank sigmas: [2 8]

rank  rankKey   p99(σ2)    palette (free slots)
1     4.166     24.401     #485259(Dark Grey) #55331A(Brown) #A79E82(Tan) #E72F1D(Red)
2     4.205     24.581     #55331A(Brown) #575B54(Dark Olive Drab) #A79E82(Tan) #E72F1D(Red)
3     4.290     22.943     #080A0D(Black) #A79E82(Tan) #E72F1D(Red) #FFE800(Yellow)
4     4.314     20.069     #485259(Dark Grey) #55331A(Brown) #D5D701(Lime Green) #F1A1AF(Pink)
5     4.394     25.447     #080A0D(Black) #A79E82(Tan) #D5D701(Lime Green) #E72F1D(Red)
6     4.398     20.198     #55331A(Brown) #575B54(Dark Olive Drab) #D5D701(Lime Green) #F1A1AF(Pink)
7     4.418     16.326     #55331A(Brown) #A79E82(Tan) #EBF7FF(White) #F67405(Orange)
8     4.432     24.049     #080A0D(Black) #948902(Olive Green) #A79E82(Tan) #E72F1D(Red)
9     4.493     24.731     #55331A(Brown) #8C9099(Grey) #A79E82(Tan) #E72F1D(Red)
10    4.503     19.573     #55331A(Brown) #8C9099(Grey) #D5D701(Lime Green) #F1A1AF(Pink)

REGRET: production fast scorer picked #080A0D(Black) #55331A(Brown) #8C9099(Grey) #A79E82(Tan)
        its rank 163/4845 (rankKey 6.286); winner rankKey 4.166; delta 2.120
