[17:08:39.190] Loading: cache hit (disk, 117.633ms) key=deed163b7376
[17:08:39.287] Voxelizing: cache hit (disk, 96.053ms) key=33c6666b396a
[17:08:39.355] Clipping: cache hit (disk, 68.022ms) key=458e4e997df3
  TD-aware selection (per-sample eff): neighbor path 0.21 mm, κ 0.00
  Selected colors (4845 evaluated) in 0.0s
palettesearch: 50/4845 candidates (0.31s/cand, ETA 1482s)
palettesearch: 100/4845 candidates (0.28s/cand, ETA 1347s)
palettesearch: 150/4845 candidates (0.27s/cand, ETA 1286s)
palettesearch: 200/4845 candidates (0.27s/cand, ETA 1245s)
palettesearch: 250/4845 candidates (0.27s/cand, ETA 1222s)
palettesearch: 300/4845 candidates (0.27s/cand, ETA 1211s)
palettesearch: 350/4845 candidates (0.27s/cand, ETA 1214s)
palettesearch: 400/4845 candidates (0.27s/cand, ETA 1191s)
palettesearch: 450/4845 candidates (0.27s/cand, ETA 1171s)
palettesearch: 500/4845 candidates (0.27s/cand, ETA 1153s)
palettesearch: 550/4845 candidates (0.27s/cand, ETA 1138s)
palettesearch: 600/4845 candidates (0.27s/cand, ETA 1126s)
palettesearch: 650/4845 candidates (0.27s/cand, ETA 1119s)
palettesearch: 700/4845 candidates (0.27s/cand, ETA 1103s)
palettesearch: 750/4845 candidates (0.27s/cand, ETA 1086s)
palettesearch: 800/4845 candidates (0.26s/cand, ETA 1070s)
palettesearch: 850/4845 candidates (0.26s/cand, ETA 1055s)
palettesearch: 900/4845 candidates (0.26s/cand, ETA 1043s)
palettesearch: 950/4845 candidates (0.26s/cand, ETA 1032s)
palettesearch: 1000/4845 candidates (0.26s/cand, ETA 1016s)
palettesearch: 1050/4845 candidates (0.26s/cand, ETA 1000s)
palettesearch: 1100/4845 candidates (0.26s/cand, ETA 985s)
palettesearch: 1150/4845 candidates (0.26s/cand, ETA 970s)
palettesearch: 1200/4845 candidates (0.26s/cand, ETA 956s)
palettesearch: 1250/4845 candidates (0.26s/cand, ETA 946s)
palettesearch: 1300/4845 candidates (0.26s/cand, ETA 931s)
palettesearch: 1350/4845 candidates (0.26s/cand, ETA 917s)
palettesearch: 1400/4845 candidates (0.26s/cand, ETA 903s)
palettesearch: 1450/4845 candidates (0.26s/cand, ETA 888s)
palettesearch: 1500/4845 candidates (0.26s/cand, ETA 875s)
palettesearch: 1550/4845 candidates (0.26s/cand, ETA 863s)
palettesearch: 1600/4845 candidates (0.26s/cand, ETA 850s)
palettesearch: 1650/4845 candidates (0.26s/cand, ETA 836s)
palettesearch: 1700/4845 candidates (0.26s/cand, ETA 822s)
palettesearch: 1750/4845 candidates (0.26s/cand, ETA 808s)
palettesearch: 1800/4845 candidates (0.26s/cand, ETA 794s)
palettesearch: 1850/4845 candidates (0.26s/cand, ETA 781s)
palettesearch: 1900/4845 candidates (0.26s/cand, ETA 769s)
palettesearch: 1950/4845 candidates (0.26s/cand, ETA 755s)
palettesearch: 2000/4845 candidates (0.26s/cand, ETA 742s)
palettesearch: 2050/4845 candidates (0.26s/cand, ETA 728s)
palettesearch: 2100/4845 candidates (0.26s/cand, ETA 715s)
palettesearch: 2150/4845 candidates (0.26s/cand, ETA 702s)
palettesearch: 2200/4845 candidates (0.26s/cand, ETA 690s)
palettesearch: 2250/4845 candidates (0.26s/cand, ETA 676s)
palettesearch: 2300/4845 candidates (0.26s/cand, ETA 663s)
palettesearch: 2350/4845 candidates (0.26s/cand, ETA 650s)
palettesearch: 2400/4845 candidates (0.26s/cand, ETA 636s)
palettesearch: 2450/4845 candidates (0.26s/cand, ETA 623s)
palettesearch: 2500/4845 candidates (0.26s/cand, ETA 611s)
palettesearch: 2550/4845 candidates (0.26s/cand, ETA 597s)
palettesearch: 2600/4845 candidates (0.26s/cand, ETA 585s)
palettesearch: 2650/4845 candidates (0.26s/cand, ETA 571s)
palettesearch: 2700/4845 candidates (0.26s/cand, ETA 558s)
palettesearch: 2750/4845 candidates (0.26s/cand, ETA 544s)
palettesearch: 2800/4845 candidates (0.26s/cand, ETA 531s)
palettesearch: 2850/4845 candidates (0.26s/cand, ETA 518s)
palettesearch: 2900/4845 candidates (0.26s/cand, ETA 505s)
palettesearch: 2950/4845 candidates (0.26s/cand, ETA 492s)
palettesearch: 3000/4845 candidates (0.26s/cand, ETA 479s)
palettesearch: 3050/4845 candidates (0.26s/cand, ETA 466s)
palettesearch: 3100/4845 candidates (0.26s/cand, ETA 453s)
palettesearch: 3150/4845 candidates (0.26s/cand, ETA 440s)
palettesearch: 3200/4845 candidates (0.26s/cand, ETA 427s)
palettesearch: 3250/4845 candidates (0.26s/cand, ETA 414s)
palettesearch: 3300/4845 candidates (0.26s/cand, ETA 401s)
palettesearch: 3350/4845 candidates (0.26s/cand, ETA 388s)
palettesearch: 3400/4845 candidates (0.26s/cand, ETA 375s)
palettesearch: 3450/4845 candidates (0.26s/cand, ETA 362s)
palettesearch: 3500/4845 candidates (0.26s/cand, ETA 349s)
palettesearch: 3550/4845 candidates (0.26s/cand, ETA 336s)
palettesearch: 3600/4845 candidates (0.26s/cand, ETA 323s)
palettesearch: 3650/4845 candidates (0.26s/cand, ETA 310s)
palettesearch: 3700/4845 candidates (0.26s/cand, ETA 297s)
palettesearch: 3750/4845 candidates (0.26s/cand, ETA 284s)
palettesearch: 3800/4845 candidates (0.26s/cand, ETA 271s)
palettesearch: 3850/4845 candidates (0.26s/cand, ETA 258s)
palettesearch: 3900/4845 candidates (0.26s/cand, ETA 245s)
palettesearch: 3950/4845 candidates (0.26s/cand, ETA 232s)
palettesearch: 4000/4845 candidates (0.26s/cand, ETA 219s)
palettesearch: 4050/4845 candidates (0.26s/cand, ETA 206s)
palettesearch: 4100/4845 candidates (0.26s/cand, ETA 193s)
palettesearch: 4150/4845 candidates (0.26s/cand, ETA 180s)
palettesearch: 4200/4845 candidates (0.26s/cand, ETA 167s)
palettesearch: 4250/4845 candidates (0.26s/cand, ETA 154s)
palettesearch: 4300/4845 candidates (0.26s/cand, ETA 141s)
palettesearch: 4350/4845 candidates (0.26s/cand, ETA 128s)
palettesearch: 4400/4845 candidates (0.26s/cand, ETA 115s)
palettesearch: 4450/4845 candidates (0.26s/cand, ETA 102s)
palettesearch: 4500/4845 candidates (0.26s/cand, ETA 89s)
palettesearch: 4550/4845 candidates (0.26s/cand, ETA 76s)
palettesearch: 4600/4845 candidates (0.26s/cand, ETA 63s)
palettesearch: 4650/4845 candidates (0.26s/cand, ETA 50s)
palettesearch: 4700/4845 candidates (0.26s/cand, ETA 37s)
palettesearch: 4750/4845 candidates (0.26s/cand, ETA 25s)
palettesearch: 4800/4845 candidates (0.26s/cand, ETA 12s)

Ground-truth palette search: 4845 candidates, 23256 cells, 0.258 s/candidate
Rank sigmas: [2 8]

rank  rankKey   p99(σ2)    palette (free slots)
1     15.050    50.256     #0066D9(Azure Blue) #06924D(Green) #E72F1D(Red) #FFE800(Yellow)
2     15.393    63.353     #06924D(Green) #6C47B2(Purple) #E72F1D(Red) #FFE800(Yellow)
3     16.708    60.580     #080A0D(Black) #6C47B2(Purple) #E72F1D(Red) #FFE800(Yellow)
4     16.918    56.971     #0066D9(Azure Blue) #080A0D(Black) #E72F1D(Red) #FFE800(Yellow)
5     17.132    61.548     #485259(Dark Grey) #6C47B2(Purple) #E72F1D(Red) #FFE800(Yellow)
6     17.230    61.515     #575B54(Dark Olive Drab) #6C47B2(Purple) #E72F1D(Red) #FFE800(Yellow)
7     17.561    57.557     #0066D9(Azure Blue) #485259(Dark Grey) #E72F1D(Red) #FFE800(Yellow)
8     17.580    65.576     #003776(Blue) #6C47B2(Purple) #E72F1D(Red) #FFE800(Yellow)
9     17.689    64.006     #003776(Blue) #0066D9(Azure Blue) #E72F1D(Red) #FFE800(Yellow)
10    17.721    58.056     #0066D9(Azure Blue) #575B54(Dark Olive Drab) #E72F1D(Red) #FFE800(Yellow)

REGRET: production fast scorer picked #0066D9(Azure Blue) #06924D(Green) #F67405(Orange) #FFE800(Yellow)
        its rank 51/4845 (rankKey 21.512); winner rankKey 15.050; delta 6.463
