[13:29:28.389] Voxelizing: cache hit (disk, 92.851ms) key=51568c9dda39
[13:29:28.390] Clipping: starting (cache miss key=b684a69b3a13)
[13:29:28.390] Dithering: starting (cache miss key=8dde89161994)
[13:29:28.390] Building palette: starting (cache miss key=575d30d8e3c0)
  Selected colors (20475 evaluated) in 2.8s
[13:29:31.235]  #080A0D (Black), #C2AB72 (Beige), #003776 (Blue), #487BA2 (Stone Blue)
[13:29:31.243]   Infill filament: #487BA2 Stone Blue (TD 0.30)
[13:29:31.243] Building palette: done in 2.854s
[13:29:31.260]   Dithered (riemersma) 29021 cells in 0.0s
[13:29:31.260]     #487BA2: 12460 cells (42.9%)
[13:29:31.260]     #003776: 8032 cells (27.7%)
[13:29:31.260]     #C2AB72: 6844 cells (23.6%)
[13:29:31.260]     #080A0D: 1685 cells (5.8%)
[13:29:31.260] Dithering: done in 2.871s
[13:29:31.269] Preparing geometry: cache hit (disk, 8.699ms) key=44059201bd74
[13:29:31.286] Splitting: cache hit (disk, 427µs) key=b6f62eba4163
[13:29:31.286]   Clip: Manifold per-cell intersect (open-edge bloat=0.005mm)
[13:29:33.513]   Clip: 179607 verts, 122118 faces in 2.2s
[13:29:33.513]   Clip cell→face ring: 1px=14/30 2-4=29/148 5-16=31/14588 17-64=0/14048 65+=0/0 (zero-face/total)
[13:29:33.513]   Clip cell→face hex:  1px=0/0 2-4=0/0 5-16=0/202 17-64=0/5 65+=0/0 (zero-face/total)
[13:29:33.513]     zero-face slab 92 Z=[18.45..18.65]mm: 4/183 cells (ring=4 hex=0)
[13:29:33.513]     zero-face slab 117 Z=[23.46..23.66]mm: 3/204 cells (ring=3 hex=0)
[13:29:33.513]     zero-face slab 116 Z=[23.26..23.46]mm: 3/194 cells (ring=3 hex=0)
[13:29:33.513]     zero-face slab 78 Z=[15.65..15.85]mm: 2/161 cells (ring=2 hex=0)
[13:29:33.513]     zero-face slab 168 Z=[33.66..33.86]mm: 2/144 cells (ring=2 hex=0)
[13:29:33.513]     zero-face slab 143 Z=[28.66..28.86]mm: 2/187 cells (ring=2 hex=0)
[13:29:33.513]     zero-face slab 141 Z=[28.26..28.46]mm: 2/179 cells (ring=2 hex=0)
[13:29:33.513]     zero-face slab 132 Z=[26.46..26.66]mm: 2/171 cells (ring=2 hex=0)
[13:29:33.513]     zero-face slab 122 Z=[24.46..24.66]mm: 2/184 cells (ring=2 hex=0)
[13:29:33.513]     zero-face slab 121 Z=[24.26..24.46]mm: 2/184 cells (ring=2 hex=0)
[13:29:33.513] Clipping: done in 5.124s
  Selected colors (4845 evaluated) in 1.0s
palettesearch: 50/4845 candidates (0.65s/cand, ETA 3124s)
palettesearch: 100/4845 candidates (0.59s/cand, ETA 2820s)
palettesearch: 150/4845 candidates (0.57s/cand, ETA 2689s)
palettesearch: 200/4845 candidates (0.56s/cand, ETA 2615s)
palettesearch: 250/4845 candidates (0.56s/cand, ETA 2562s)
palettesearch: 300/4845 candidates (0.55s/cand, ETA 2513s)
palettesearch: 350/4845 candidates (0.56s/cand, ETA 2536s)
palettesearch: 400/4845 candidates (0.56s/cand, ETA 2493s)
palettesearch: 450/4845 candidates (0.56s/cand, ETA 2454s)
palettesearch: 500/4845 candidates (0.56s/cand, ETA 2417s)
palettesearch: 550/4845 candidates (0.55s/cand, ETA 2381s)
palettesearch: 600/4845 candidates (0.55s/cand, ETA 2348s)
palettesearch: 650/4845 candidates (0.56s/cand, ETA 2349s)
palettesearch: 700/4845 candidates (0.56s/cand, ETA 2315s)
palettesearch: 750/4845 candidates (0.56s/cand, ETA 2280s)
palettesearch: 800/4845 candidates (0.56s/cand, ETA 2246s)
palettesearch: 850/4845 candidates (0.55s/cand, ETA 2214s)
palettesearch: 900/4845 candidates (0.55s/cand, ETA 2184s)
palettesearch: 950/4845 candidates (0.56s/cand, ETA 2170s)
palettesearch: 1000/4845 candidates (0.56s/cand, ETA 2149s)
palettesearch: 1050/4845 candidates (0.56s/cand, ETA 2117s)
palettesearch: 1100/4845 candidates (0.56s/cand, ETA 2086s)
palettesearch: 1150/4845 candidates (0.56s/cand, ETA 2056s)
palettesearch: 1200/4845 candidates (0.56s/cand, ETA 2025s)
palettesearch: 1250/4845 candidates (0.56s/cand, ETA 2004s)
palettesearch: 1300/4845 candidates (0.56s/cand, ETA 1983s)
palettesearch: 1350/4845 candidates (0.56s/cand, ETA 1954s)
palettesearch: 1400/4845 candidates (0.56s/cand, ETA 1924s)
palettesearch: 1450/4845 candidates (0.56s/cand, ETA 1894s)
palettesearch: 1500/4845 candidates (0.56s/cand, ETA 1864s)
palettesearch: 1550/4845 candidates (0.56s/cand, ETA 1841s)
palettesearch: 1600/4845 candidates (0.56s/cand, ETA 1813s)
palettesearch: 1650/4845 candidates (0.56s/cand, ETA 1784s)
palettesearch: 1700/4845 candidates (0.56s/cand, ETA 1755s)
palettesearch: 1750/4845 candidates (0.56s/cand, ETA 1725s)
palettesearch: 1800/4845 candidates (0.56s/cand, ETA 1696s)
palettesearch: 1850/4845 candidates (0.56s/cand, ETA 1671s)
palettesearch: 1900/4845 candidates (0.56s/cand, ETA 1643s)
palettesearch: 1950/4845 candidates (0.56s/cand, ETA 1614s)
palettesearch: 2000/4845 candidates (0.56s/cand, ETA 1586s)
palettesearch: 2050/4845 candidates (0.56s/cand, ETA 1557s)
palettesearch: 2100/4845 candidates (0.56s/cand, ETA 1528s)
palettesearch: 2150/4845 candidates (0.56s/cand, ETA 1501s)
palettesearch: 2200/4845 candidates (0.56s/cand, ETA 1475s)
palettesearch: 2250/4845 candidates (0.56s/cand, ETA 1446s)
palettesearch: 2300/4845 candidates (0.56s/cand, ETA 1418s)
palettesearch: 2350/4845 candidates (0.56s/cand, ETA 1389s)
palettesearch: 2400/4845 candidates (0.56s/cand, ETA 1361s)
palettesearch: 2450/4845 candidates (0.56s/cand, ETA 1332s)
palettesearch: 2500/4845 candidates (0.56s/cand, ETA 1307s)
palettesearch: 2550/4845 candidates (0.56s/cand, ETA 1278s)
palettesearch: 2600/4845 candidates (0.56s/cand, ETA 1249s)
palettesearch: 2650/4845 candidates (0.56s/cand, ETA 1219s)
palettesearch: 2700/4845 candidates (0.55s/cand, ETA 1190s)
palettesearch: 2750/4845 candidates (0.55s/cand, ETA 1161s)
palettesearch: 2800/4845 candidates (0.55s/cand, ETA 1134s)
palettesearch: 2850/4845 candidates (0.55s/cand, ETA 1106s)
palettesearch: 2900/4845 candidates (0.55s/cand, ETA 1077s)
palettesearch: 2950/4845 candidates (0.55s/cand, ETA 1048s)
palettesearch: 3000/4845 candidates (0.55s/cand, ETA 1019s)
palettesearch: 3050/4845 candidates (0.55s/cand, ETA 990s)
palettesearch: 3100/4845 candidates (0.55s/cand, ETA 963s)
palettesearch: 3150/4845 candidates (0.55s/cand, ETA 936s)
palettesearch: 3200/4845 candidates (0.55s/cand, ETA 907s)
palettesearch: 3250/4845 candidates (0.55s/cand, ETA 879s)
palettesearch: 3300/4845 candidates (0.55s/cand, ETA 850s)
palettesearch: 3350/4845 candidates (0.55s/cand, ETA 823s)
palettesearch: 3400/4845 candidates (0.55s/cand, ETA 795s)
palettesearch: 3450/4845 candidates (0.55s/cand, ETA 767s)
palettesearch: 3500/4845 candidates (0.55s/cand, ETA 740s)
palettesearch: 3550/4845 candidates (0.55s/cand, ETA 711s)
palettesearch: 3600/4845 candidates (0.55s/cand, ETA 683s)
palettesearch: 3650/4845 candidates (0.55s/cand, ETA 656s)
palettesearch: 3700/4845 candidates (0.55s/cand, ETA 628s)
palettesearch: 3750/4845 candidates (0.55s/cand, ETA 601s)
palettesearch: 3800/4845 candidates (0.55s/cand, ETA 573s)
palettesearch: 3850/4845 candidates (0.55s/cand, ETA 545s)
palettesearch: 3900/4845 candidates (0.55s/cand, ETA 518s)
palettesearch: 3950/4845 candidates (0.55s/cand, ETA 490s)
palettesearch: 4000/4845 candidates (0.55s/cand, ETA 462s)
palettesearch: 4050/4845 candidates (0.55s/cand, ETA 435s)
palettesearch: 4100/4845 candidates (0.55s/cand, ETA 408s)
palettesearch: 4150/4845 candidates (0.55s/cand, ETA 380s)
palettesearch: 4200/4845 candidates (0.55s/cand, ETA 352s)
palettesearch: 4250/4845 candidates (0.55s/cand, ETA 325s)
palettesearch: 4300/4845 candidates (0.55s/cand, ETA 297s)
palettesearch: 4350/4845 candidates (0.55s/cand, ETA 270s)
palettesearch: 4400/4845 candidates (0.55s/cand, ETA 243s)
palettesearch: 4450/4845 candidates (0.55s/cand, ETA 216s)
palettesearch: 4500/4845 candidates (0.55s/cand, ETA 188s)
palettesearch: 4550/4845 candidates (0.54s/cand, ETA 161s)
palettesearch: 4600/4845 candidates (0.54s/cand, ETA 133s)
palettesearch: 4650/4845 candidates (0.54s/cand, ETA 106s)
palettesearch: 4700/4845 candidates (0.54s/cand, ETA 79s)
palettesearch: 4750/4845 candidates (0.54s/cand, ETA 52s)
palettesearch: 4800/4845 candidates (0.54s/cand, ETA 24s)

Ground-truth palette search: 4845 candidates, 29021 cells, 0.544 s/candidate
Rank sigmas: [2 8]

rank  rankKey   p99(σ2)    palette (free slots)
1     13.410    42.827     #003776(Blue) #4CC0C7(Polymaker Teal) #948902(Olive Green) #F1A1AF(Pink)
2     13.464    46.078     #003776(Blue) #4CC0C7(Polymaker Teal) #948902(Olive Green) #D9DFE5(Cold White)
3     13.877    46.830     #003776(Blue) #06924D(Green) #948902(Olive Green) #D9DFE5(Cold White)
4     14.450    42.061     #003776(Blue) #4CC0C7(Polymaker Teal) #948902(Olive Green) #F24574(Magenta)
5     14.504    39.963     #003776(Blue) #4CC0C7(Polymaker Teal) #A79E82(Tan) #D9DFE5(Cold White)
6     14.828    37.952     #003776(Blue) #0066D9(Azure Blue) #4CC0C7(Polymaker Teal) #A79E82(Tan)
7     14.837    40.049     #003776(Blue) #4CC0C7(Polymaker Teal) #A79E82(Tan) #F24574(Magenta)
8     14.983    40.391     #003776(Blue) #4CC0C7(Polymaker Teal) #A79E82(Tan) #F1A1AF(Pink)
9     14.991    43.873     #003776(Blue) #4CC0C7(Polymaker Teal) #A79E82(Tan) #E72F1D(Red)
10    15.033    41.564     #003776(Blue) #55331A(Brown) #A79E82(Tan) #D9DFE5(Cold White)

REGRET: production fast scorer picked #003776(Blue) #4CC0C7(Polymaker Teal) #948902(Olive Green) #D9DFE5(Cold White)
        its rank 2/4845 (rankKey 13.464); winner rankKey 13.410; delta 0.055
